// Jest Snapshot v1, https://goo.gl/fbAQLP

exports[`Live Validator Initialization OperationLoader should be completely initialized 1`] = `
Array [
  "location",
  "/200/schema/properties/nextLink",
  "/200/schema/properties/value/items/properties/osType",
]
`;

exports[`Live Validator Initialization OperationLoader should be completely initialized for outer circular ref 1`] = `
Object {
  "operationId": "AnalyzeText",
  "parameters": Array [
    Object {
      "in": "query",
      "name": "api-version",
      "required": true,
      "type": "string",
    },
    Object {
      "in": "query",
      "name": "showStats",
      "required": false,
      "type": "boolean",
      "x-ms-parameter-location": "method",
    },
    Object {
      "in": "body",
      "name": "body",
      "required": true,
      "schema": Object {
        "discriminator": "kind",
        "properties": Object {
          "kind": Object {
            "enum": Array [
              "SentimentAnalysis",
              "EntityRecognition",
              "PiiEntityRecognition",
              "KeyPhraseExtraction",
              "LanguageDetection",
              "EntityLinking",
              "DynamicClassification",
            ],
            "type": "string",
            "x-ms-enum": Object {
              "modelAsString": true,
              "name": "AnalyzeTextTaskKind",
              Symbol(./source-map/object-info): [Function],
            },
            Symbol(./source-map/object-info): [Function],
          },
          Symbol(./source-map/object-info): [Function],
        },
        "required": Array [
          "kind",
        ],
        "type": "object",
        Symbol(./source-map/object-info): [Function],
      },
      Symbol(./source-map/object-info): [Function],
    },
  ],
  "responses": Object {
    "200": Object {
      "schema": Object {
        "discriminator": "kind",
        "properties": Object {
          "kind": Object {
            "enum": Array [
              "SentimentAnalysisResults",
              "EntityRecognitionResults",
              "PiiEntityRecognitionResults",
              "KeyPhraseExtractionResults",
              "LanguageDetectionResults",
              "EntityLinkingResults",
              "DynamicClassificationResults",
            ],
            "type": "string",
            "x-ms-enum": Object {
              "modelAsString": true,
              "name": "AnalyzeTextTaskResultsKind",
              Symbol(./source-map/object-info): [Function],
            },
            Symbol(./source-map/object-info): [Function],
          },
          Symbol(./source-map/object-info): [Function],
        },
        "required": Array [
          "kind",
        ],
        "type": "object",
        Symbol(./source-map/object-info): [Function],
      },
      Symbol(./source-map/object-info): [Function],
    },
    "default": Object {
      "schema": Object {
        "additionalProperties": false,
        "properties": Object {
          "error": Object {
            "$ref": "#/definitions/AnalyzeTextJobState/allOf/0/properties/errors/items",
          },
        },
        "required": Array [
          "error",
        ],
        "type": "object",
      },
      Symbol(./source-map/object-info): [Function],
    },
    Symbol(./source-map/object-info): [Function],
  },
}
`;

exports[`Live Validator Initialization OperationLoader should be initialized only with spec 1`] = `
Array [
  "parameters/schema/properties/properties/properties/statuses",
  "parameters/schema/allOf/0/properties/id",
  "parameters/schema/allOf/0/properties/name",
  "parameters/schema/allOf/0/properties/type",
  "/200/schema/properties/properties/properties/statuses",
  "/200/schema/allOf/0/properties/id",
  "/200/schema/allOf/0/properties/name",
  "/200/schema/allOf/0/properties/type",
]
`;

exports[`Live Validator Initialization OperationLoader should be initialized only with spec 2`] = `
Map {
  "readOnly" => Map {
    "parameters/schema/properties/properties/properties/statuses" => Array [],
    "parameters/schema/allOf/0/properties/id" => Array [],
    "parameters/schema/allOf/0/properties/name" => Array [],
    "parameters/schema/allOf/0/properties/type" => Array [],
    "/200/schema/properties/properties/properties/statuses" => Array [],
    "/200/schema/allOf/0/properties/id" => Array [],
    "/200/schema/allOf/0/properties/name" => Array [],
    "/200/schema/allOf/0/properties/type" => Array [],
  },
  "secret" => Map {},
  "default" => Map {},
  "mutability" => Map {
    "parameters/schema/properties/sku" => Array [
      "read",
    ],
    "/200/schema/properties/sku" => Array [
      "read",
    ],
  },
}
`;

exports[`Live Validator Initialization Round trip validation fail 1`] = `
Object {
  "errors": Array [
    Object {
      "code": "ROUNDTRIP_INCONSISTENT_PROPERTY",
      "jsonPathsInPayload": Array [],
      "message": "The property's value 'westcentralus1' in the GET response is different from what was set 'westcentralus' in the preceding PUT request.",
      "pathsInPayload": Array [
        "/location",
      ],
      "schemaPath": "",
      "severity": 0,
      "source": Object {
        "position": Object {
          "column": 0,
          "line": 0,
        },
        "url": "",
      },
    },
    Object {
      "code": "ROUNDTRIP_ADDITIONAL_PROPERTY",
      "jsonPathsInPayload": Array [],
      "message": "The property 'versionlist/1' is returned in the GET response, but it is not declared in the PUT request.",
      "pathsInPayload": Array [
        "/versionlist/1",
      ],
      "schemaPath": "",
      "severity": 0,
      "source": Object {
        "position": Object {
          "column": 0,
          "line": 0,
        },
        "url": "",
      },
    },
    Object {
      "code": "ROUNDTRIP_MISSING_PROPERTY",
      "jsonPathsInPayload": Array [],
      "message": "The property 'createOption' is present in the PUT request but is either never returned in the GET response or is returned with a null value.",
      "pathsInPayload": Array [
        "/properties/storageProfile/osDisk/createOption",
      ],
      "schemaPath": "",
      "severity": 0,
      "source": Object {
        "position": Object {
          "column": 0,
          "line": 0,
        },
        "url": "",
      },
    },
    Object {
      "code": "ROUNDTRIP_ADDITIONAL_PROPERTY",
      "jsonPathsInPayload": Array [],
      "message": "The property 'caching' is returned in the GET response, but it is not declared in the PUT request.",
      "pathsInPayload": Array [
        "/properties/storageProfile/osDisk/caching",
      ],
      "schemaPath": "",
      "severity": 0,
      "source": Object {
        "position": Object {
          "column": 0,
          "line": 0,
        },
        "url": "",
      },
    },
    Object {
      "code": "ROUNDTRIP_MISSING_PROPERTY",
      "jsonPathsInPayload": Array [],
      "message": "The property 'offer' is present in the PUT request but is either never returned in the GET response or is returned with a null value.",
      "pathsInPayload": Array [
        "/properties/storageProfile/imageReference/offer",
      ],
      "schemaPath": "",
      "severity": 0,
      "source": Object {
        "position": Object {
          "column": 0,
          "line": 0,
        },
        "url": "",
      },
    },
    Object {
      "code": "ROUNDTRIP_MISSING_PROPERTY",
      "jsonPathsInPayload": Array [],
      "message": "The property 'computerName' is present in the PUT request but is either never returned in the GET response or is returned with a null value.",
      "pathsInPayload": Array [
        "/properties/osProfile/computerName",
      ],
      "schemaPath": "",
      "severity": 0,
      "source": Object {
        "position": Object {
          "column": 0,
          "line": 0,
        },
        "url": "",
      },
    },
    Object {
      "code": "ROUNDTRIP_ADDITIONAL_PROPERTY",
      "jsonPathsInPayload": Array [],
      "message": "The property 'hardwareProfile' is returned in the GET response, but it is not declared in the PUT request.",
      "pathsInPayload": Array [
        "/hardwareProfile",
      ],
      "schemaPath": "",
      "severity": 0,
      "source": Object {
        "position": Object {
          "column": 0,
          "line": 0,
        },
        "url": "",
      },
    },
  ],
  "isSuccessful": false,
  "operationInfo": Object {
    "apiVersion": "2021-11-01",
    "operationId": "VirtualMachines_CreateOrUpdate",
  },
  "runtimeException": undefined,
}
`;

exports[`Live Validator Initialization Round trip validation of circular spec 1`] = `
Array [
  "/200/schema/allOf/0/properties/id",
  "/200/schema/allOf/0/properties/name",
  "/200/schema/allOf/0/properties/type",
  "/200/schema/allOf/1/properties/properties/properties/provisioningState",
  "/200/schema/allOf/1/properties/properties/properties/maxAgentPools",
  "/200/schema/allOf/1/properties/properties/properties/fqdn",
  "/200/schema/allOf/1/properties/properties/properties/agentPoolProfiles/items/allOf/0/properties/provisioningState",
  "/200/schema/allOf/1/properties/identity/properties/principalId",
  "/200/schema/allOf/1/properties/identity/properties/tenantId",
]
`;

exports[`Live Validator Initialization Round trip validation of circular spec 2`] = `
Object {
  "requestValidationResult": Object {
    "errors": Array [],
    "isSuccessful": true,
    "operationInfo": Object {
      "apiVersion": "2019-08-01",
      "operationId": "ManagedClusters_Get",
    },
    "runtimeException": undefined,
  },
  "responseValidationResult": Object {
    "errors": Array [
      Object {
        "code": "INVALID_CONTENT_TYPE",
        "documentationUrl": "",
        "jsonPathsInPayload": Array [],
        "message": "Invalid Content-Type (application/octet-stream).  These are supported: application/json",
        "pathsInPayload": Array [],
        "schemaPath": "",
        "severity": 1,
        "source": Object {
          "position": Object {
            "column": -1,
            "line": -1,
          },
          "url": "",
        },
      },
      Object {
        "code": "OBJECT_MISSING_REQUIRED_PROPERTY",
        "documentationUrl": "",
        "jsonPathsInPayload": Array [
          "$.properties.linuxProfile.ssh",
        ],
        "message": "Missing required property: ssh",
        "params": Array [
          "ssh",
        ],
        "pathsInPayload": Array [
          "/properties/linuxProfile/ssh",
        ],
        "schemaPath": "#/required",
        "severity": 0,
        "source": Object {
          "jsonRef": "#/definitions/ContainerServiceLinuxProfile",
          "position": Object {
            "column": 37,
            "line": 1547,
          },
          "url": "containerservice/resource-manager/Microsoft.ContainerService/stable/2019-08-01/managedClusters.json",
        },
      },
      Object {
        "code": "PATTERN",
        "documentationUrl": "",
        "jsonPathsInPayload": Array [
          "$.properties.networkProfile.podCidr",
        ],
        "message": "String does not match pattern ^([0-9]{1,3}\\\\.){3}[0-9]{1,3}(\\\\/([0-9]|[1-2][0-9]|3[0-2]))?$: aaaaaaaaaaaaa",
        "params": Array [
          "^([0-9]{1,3}\\\\.){3}[0-9]{1,3}(\\\\/([0-9]|[1-2][0-9]|3[0-2]))?$",
          "aaaaaaaaaaaaa",
        ],
        "pathsInPayload": Array [
          "/properties/networkProfile/podCidr",
        ],
        "schemaPath": "#/properties/podCidr/pattern",
        "severity": 0,
        "source": Object {
          "jsonRef": "#/definitions/ContainerServiceNetworkProfile/properties/podCidr",
          "position": Object {
            "column": 20,
            "line": 1592,
          },
          "url": "containerservice/resource-manager/Microsoft.ContainerService/stable/2019-08-01/managedClusters.json",
        },
      },
      Object {
        "code": "PATTERN",
        "documentationUrl": "",
        "jsonPathsInPayload": Array [
          "$.properties.networkProfile.serviceCidr",
        ],
        "message": "String does not match pattern ^([0-9]{1,3}\\\\.){3}[0-9]{1,3}(\\\\/([0-9]|[1-2][0-9]|3[0-2]))?$: aaaaaaaaaaa",
        "params": Array [
          "^([0-9]{1,3}\\\\.){3}[0-9]{1,3}(\\\\/([0-9]|[1-2][0-9]|3[0-2]))?$",
          "aaaaaaaaaaa",
        ],
        "pathsInPayload": Array [
          "/properties/networkProfile/serviceCidr",
        ],
        "schemaPath": "#/properties/serviceCidr/pattern",
        "severity": 0,
        "source": Object {
          "jsonRef": "#/definitions/ContainerServiceNetworkProfile/properties/serviceCidr",
          "position": Object {
            "column": 24,
            "line": 1598,
          },
          "url": "containerservice/resource-manager/Microsoft.ContainerService/stable/2019-08-01/managedClusters.json",
        },
      },
      Object {
        "code": "PATTERN",
        "documentationUrl": "",
        "jsonPathsInPayload": Array [
          "$.properties.networkProfile.dnsServiceIP",
        ],
        "message": "String does not match pattern ^(?:(?:25[0-5]|2[0-4][0-9]|[01]?[0-9][0-9]?)\\\\.){3}(?:25[0-5]|2[0-4][0-9]|[01]?[0-9][0-9]?)$: aaaaaaaaa",
        "params": Array [
          "^(?:(?:25[0-5]|2[0-4][0-9]|[01]?[0-9][0-9]?)\\\\.){3}(?:25[0-5]|2[0-4][0-9]|[01]?[0-9][0-9]?)$",
          "aaaaaaaaa",
        ],
        "pathsInPayload": Array [
          "/properties/networkProfile/dnsServiceIP",
        ],
        "schemaPath": "#/properties/dnsServiceIP/pattern",
        "severity": 0,
        "source": Object {
          "jsonRef": "#/definitions/ContainerServiceNetworkProfile/properties/dnsServiceIP",
          "position": Object {
            "column": 25,
            "line": 1604,
          },
          "url": "containerservice/resource-manager/Microsoft.ContainerService/stable/2019-08-01/managedClusters.json",
        },
      },
      Object {
        "code": "PATTERN",
        "documentationUrl": "",
        "jsonPathsInPayload": Array [
          "$.properties.networkProfile.dockerBridgeCidr",
        ],
        "message": "String does not match pattern ^([0-9]{1,3}\\\\.){3}[0-9]{1,3}(\\\\/([0-9]|[1-2][0-9]|3[0-2]))?$: aaaaaaaaaaaaa",
        "params": Array [
          "^([0-9]{1,3}\\\\.){3}[0-9]{1,3}(\\\\/([0-9]|[1-2][0-9]|3[0-2]))?$",
          "aaaaaaaaaaaaa",
        ],
        "pathsInPayload": Array [
          "/properties/networkProfile/dockerBridgeCidr",
        ],
        "schemaPath": "#/properties/dockerBridgeCidr/pattern",
        "severity": 0,
        "source": Object {
          "jsonRef": "#/definitions/ContainerServiceNetworkProfile/properties/dockerBridgeCidr",
          "position": Object {
            "column": 29,
            "line": 1610,
          },
          "url": "containerservice/resource-manager/Microsoft.ContainerService/stable/2019-08-01/managedClusters.json",
        },
      },
      Object {
        "code": "ENUM_CASE_MISMATCH",
        "documentationUrl": "",
        "jsonPathsInPayload": Array [
          "$.properties.networkProfile.loadBalancerSku",
        ],
        "message": "Enum does not match case for: Standard",
        "params": Array [
          "Standard",
          Array [
            "standard",
            "basic",
          ],
        ],
        "pathsInPayload": Array [
          "/properties/networkProfile/loadBalancerSku",
        ],
        "schemaPath": "#/properties/loadBalancerSku/enum",
        "severity": 0,
        "source": Object {
          "jsonRef": "#/definitions/ContainerServiceNetworkProfile/properties/loadBalancerSku",
          "position": Object {
            "column": 28,
            "line": 1616,
          },
          "url": "containerservice/resource-manager/Microsoft.ContainerService/stable/2019-08-01/managedClusters.json",
        },
      },
      Object {
        "code": "ENUM_MISMATCH",
        "documentationUrl": "",
        "jsonPathsInPayload": Array [
          "$.identity.type",
        ],
        "message": "No enum match for: UserAssigned",
        "params": Array [
          "UserAssigned",
          Array [
            "SystemAssigned",
            "None",
          ],
        ],
        "pathsInPayload": Array [
          "/identity/type",
        ],
        "schemaPath": "#/properties/type/enum",
        "severity": 0,
        "source": Object {
          "jsonRef": "#/definitions/ManagedClusterIdentity/properties/type",
          "position": Object {
            "column": 17,
            "line": 1893,
          },
          "url": "containerservice/resource-manager/Microsoft.ContainerService/stable/2019-08-01/managedClusters.json",
        },
      },
    ],
    "isSuccessful": false,
    "operationInfo": Object {
      "apiVersion": "2019-08-01",
      "operationId": "ManagedClusters_Get",
    },
    "runtimeException": undefined,
  },
}
`;

exports[`Live Validator Initialization readonly properties should not cause error 1`] = `
Object {
  "errors": Array [],
  "isSuccessful": true,
  "operationInfo": Object {
    "apiVersion": "2021-11-01",
    "operationId": "VirtualMachines_CreateOrUpdate",
  },
  "runtimeException": undefined,
}
`;
