// Jest Snapshot v1, https://goo.gl/fbAQLP

exports[`markdownReport Should generate markdown report: body 1`] = `
"
  <details>
    <summary>
      <code>
        ❌
      </code>
      <b>
        galleries_1: 1 Fatal Step(s)
      </b>
    </summary>
    <br />
    <ul>
      <li>
        Duration:
        1 minute, 20.231 seconds
      </li>
      <li>
        Swagger Files
        <ul>
            <li>
              <a target=\\"_blank\\" href=\\"Microsoft.Compute/preview/2020-09-30/gallery.json\\">
                Microsoft.Compute/preview/2020-09-30/gallery.json
              </a>
            </li>
        </ul>
      </li>
      <li>
        Run Id: 202106011456-d4udg
      </li>
    </ul>
    <b>
      &nbsp;&nbsp;&nbsp;&nbsp;API Test Steps:
    </b>
    <ol>
<li>
  <code>
        ❌
  </code>
<b>
        Create or update a simple gallery with sharing profile.: 1 Fatal Error(s)
</b>
</li>
<ul>
    <li>
      StatusCode:
      400
    </li>
    <li>
      Duration:
      0 seconds
    </li>
  </ul>

|&nbsp;&nbsp;&nbsp;&nbsp;&nbsp;&nbsp;&nbsp;&nbsp;&nbsp;&nbsp;&nbsp;&nbsp;&nbsp;&nbsp;&nbsp;&nbsp;&nbsp;&nbsp;&nbsp;&nbsp;&nbsp;&nbsp;&nbsp;&nbsp;&nbsp;&nbsp;&nbsp;Rule&nbsp;&nbsp;&nbsp;&nbsp;&nbsp;&nbsp;&nbsp;&nbsp;&nbsp;&nbsp;&nbsp;&nbsp;&nbsp;&nbsp;&nbsp;&nbsp;&nbsp;&nbsp;&nbsp;&nbsp;&nbsp;&nbsp;&nbsp;&nbsp;&nbsp;&nbsp;&nbsp;| Message |
|------|---------|
| <code> ❌ </code> [RUNTIME_ERROR_400](https://github.com/Azure/azure-rest-api-specs/blob/main/documentation/api-scenario/references/ErrorCodeReference.md#RUNTIME_ERROR_400) | code: BadRequest, message: Subscription 'db5eb68e-73e2-4fa8-b18a-46cd1be4cce5' is not registered with the feature Microsoft.Compute/SIGSharing. Please register the subscription before retrying the call. |
<br />
<li>
  <code>
        ️✔️
  </code>
<b>
        Delete a gallery.
</b>
</li>
<ul>
    <li>
      StatusCode:
      204
    </li>
    <li>
      Duration:
      0 seconds
    </li>
  </ul>

<br />

</ol>
</details>
"
`;

exports[`markdownReport Should generate markdown report: header 1`] = `"<h3>Azure API Test Report</h3>"`;
